{
  "parent": "clutter:block/coin_stacks/coin_stack_two_parent",
  "textures": {
    "0": "clutter:block/golden_coin",
    "particle": "clutter:block/golden_coin"
  }
}